|This is easy!|
Correct amount of memory allocated
