|SuperCalaFagilisticExpialidocious|
Correct amount of memory allocated
