checkSpace: Expected amount of memory allocated
List: 1.11 
checkSpace: Expected amount of memory allocated
